python : Traceback (most recent call 
last):
At line:1 char:1
+ python test_onboarding.py > 
test_output.txt 2>&1
+ ~~~~~~~~~~~~~~~~~~~~~~~~~~~~~~~~~~~~~
~~~~~~~~~~~
    + CategoryInfo          : 
NotSpecifi    ed: (Traceback (most 
recent call las    t)::String) [], 
RemoteException
    + FullyQualifiedErrorId : 
NativeComm    andError
 
  File "C:\Users\Administrator\AppData\
Local\Packages\PythonSoftwareFoundation
.Python.3.13_qbz5n2kfra8p0\LocalCache\l
ocal-packages\Python313\site-packages\s
qlalchemy\engine\base.py", line 1967, 
in _exec_single_context
    self.dialect.do_execute(
    ~~~~~~~~~~~~~~~~~~~~~~~^
        cursor, str_statement, 
effective_parameters, context
        ^^^^^^^^^^^^^^^^^^^^^^^^^^^^^^^
^^^^^^^^^^^^^^^^^^^^^
    )
    ^
  File "C:\Users\Administrator\AppData\
Local\Packages\PythonSoftwareFoundation
.Python.3.13_qbz5n2kfra8p0\LocalCache\l
ocal-packages\Python313\site-packages\s
qlalchemy\engine\default.py", line 
951, in do_execute
    cursor.execute(statement, 
parameters)
    
~~~~~~~~~~~~~~^^^^^^^^^^^^^^^^^^^^^^^
sqlite3.OperationalError: no such 
column: users.full_name

The above exception was the direct 
cause of the following exception:

Traceback (most recent call last):
  File 
"C:\Users\Administrator\Desktop\final 
thing\backend\test_onboarding.py", 
line 21, in test_onboarding
    result = onboarding(req, 
user_id=user_id, db=db)
  File 
"C:\Users\Administrator\Desktop\final 
thing\backend\main.py", line 74, in 
onboarding
    user = 
db.query(User).filter(User.id == 
user_id).first()
  File "C:\Users\Administrator\AppData\
Local\Packages\PythonSoftwareFoundation
.Python.3.13_qbz5n2kfra8p0\LocalCache\l
ocal-packages\Python313\site-packages\s
qlalchemy\orm\query.py", line 2759, in 
first
    return 
self.limit(1)._iter().first()  # type: 
ignore
           ~~~~~~~~~~~~~~~~~~~^^
  File "C:\Users\Administrator\AppData\
Local\Packages\PythonSoftwareFoundation
.Python.3.13_qbz5n2kfra8p0\LocalCache\l
ocal-packages\Python313\site-packages\s
qlalchemy\orm\query.py", line 2857, in 
_iter
    result: Union[ScalarResult[_T], 
Result[_T]] = self.session.execute(
                                       
           ~~~~~~~~~~~~~~~~~~~~^
        statement,
        ^^^^^^^^^^
        params,
        ^^^^^^^
        execution_options={"_sa_orm_loa
d_options": self.load_options},
        ^^^^^^^^^^^^^^^^^^^^^^^^^^^^^^^
^^^^^^^^^^^^^^^^^^^^^^^^^^^^^^^
    )
    ^
  File "C:\Users\Administrator\AppData\
Local\Packages\PythonSoftwareFoundation
.Python.3.13_qbz5n2kfra8p0\LocalCache\l
ocal-packages\Python313\site-packages\s
qlalchemy\orm\session.py", line 2351, 
in execute
    return self._execute_internal(
           ~~~~~~~~~~~~~~~~~~~~~~^
        statement,
        ^^^^^^^^^^
    ...<4 lines>...
        _add_event=_add_event,
        ^^^^^^^^^^^^^^^^^^^^^^
    )
    ^
  File "C:\Users\Administrator\AppData\
Local\Packages\PythonSoftwareFoundation
.Python.3.13_qbz5n2kfra8p0\LocalCache\l
ocal-packages\Python313\site-packages\s
qlalchemy\orm\session.py", line 2249, 
in _execute_internal
    result: Result[Any] = compile_state
_cls.orm_execute_statement(
                          ~~~~~~~~~~~~~
~~~~~~~~~~~~~~~~~~~~~~~~~~^
        self,
        ^^^^^
    ...<4 lines>...
        conn,
        ^^^^^
    )
    ^
  File "C:\Users\Administrator\AppData\
Local\Packages\PythonSoftwareFoundation
.Python.3.13_qbz5n2kfra8p0\LocalCache\l
ocal-packages\Python313\site-packages\s
qlalchemy\orm\context.py", line 306, 
in orm_execute_statement
    result = conn.execute(
        statement, params or {}, 
execution_options=execution_options
    )
  File "C:\Users\Administrator\AppData\
Local\Packages\PythonSoftwareFoundation
.Python.3.13_qbz5n2kfra8p0\LocalCache\l
ocal-packages\Python313\site-packages\s
qlalchemy\engine\base.py", line 1419, 
in execute
    return meth(
        self,
        distilled_parameters,
        execution_options or 
NO_OPTIONS,
    )
  File "C:\Users\Administrator\AppData\
Local\Packages\PythonSoftwareFoundation
.Python.3.13_qbz5n2kfra8p0\LocalCache\l
ocal-packages\Python313\site-packages\s
qlalchemy\sql\elements.py", line 526, 
in _execute_on_connection
    return 
connection._execute_clauseelement(
           
~~~~~~~~~~~~~~~~~~~~~~~~~~~~~~~~~^
        self, distilled_params, 
execution_options
        ^^^^^^^^^^^^^^^^^^^^^^^^^^^^^^^
^^^^^^^^^^
    )
    ^
  File "C:\Users\Administrator\AppData\
Local\Packages\PythonSoftwareFoundation
.Python.3.13_qbz5n2kfra8p0\LocalCache\l
ocal-packages\Python313\site-packages\s
qlalchemy\engine\base.py", line 1641, 
in _execute_clauseelement
    ret = self._execute_context(
        dialect,
    ...<8 lines>...
        cache_hit=cache_hit,
    )
  File "C:\Users\Administrator\AppData\
Local\Packages\PythonSoftwareFoundation
.Python.3.13_qbz5n2kfra8p0\LocalCache\l
ocal-packages\Python313\site-packages\s
qlalchemy\engine\base.py", line 1846, 
in _execute_context
    return self._exec_single_context(
           ~~~~~~~~~~~~~~~~~~~~~~~~~^
        dialect, context, statement, 
parameters
        
^^^^^^^^^^^^^^^^^^^^^^^^^^^^^^^^^^^^^^^
    )
    ^
  File "C:\Users\Administrator\AppData\
Local\Packages\PythonSoftwareFoundation
.Python.3.13_qbz5n2kfra8p0\LocalCache\l
ocal-packages\Python313\site-packages\s
qlalchemy\engine\base.py", line 1986, 
in _exec_single_context
    self._handle_dbapi_exception(
    ~~~~~~~~~~~~~~~~~~~~~~~~~~~~^
        e, str_statement, 
effective_parameters, cursor, context
        ^^^^^^^^^^^^^^^^^^^^^^^^^^^^^^^
^^^^^^^^^^^^^^^^^^^^^^^^
    )
    ^
  File "C:\Users\Administrator\AppData\
Local\Packages\PythonSoftwareFoundation
.Python.3.13_qbz5n2kfra8p0\LocalCache\l
ocal-packages\Python313\site-packages\s
qlalchemy\engine\base.py", line 2355, 
in _handle_dbapi_exception
    raise sqlalchemy_exception.with_tra
ceback(exc_info[2]) from e
  File "C:\Users\Administrator\AppData\
Local\Packages\PythonSoftwareFoundation
.Python.3.13_qbz5n2kfra8p0\LocalCache\l
ocal-packages\Python313\site-packages\s
qlalchemy\engine\base.py", line 1967, 
in _exec_single_context
    self.dialect.do_execute(
    ~~~~~~~~~~~~~~~~~~~~~~~^
        cursor, str_statement, 
effective_parameters, context
        ^^^^^^^^^^^^^^^^^^^^^^^^^^^^^^^
^^^^^^^^^^^^^^^^^^^^^
    )
    ^
  File "C:\Users\Administrator\AppData\
Local\Packages\PythonSoftwareFoundation
.Python.3.13_qbz5n2kfra8p0\LocalCache\l
ocal-packages\Python313\site-packages\s
qlalchemy\engine\default.py", line 
951, in do_execute
    cursor.execute(statement, 
parameters)
    
~~~~~~~~~~~~~~^^^^^^^^^^^^^^^^^^^^^^^
sqlalchemy.exc.OperationalError: 
(sqlite3.OperationalError) no such 
column: users.full_name
[SQL: SELECT users.id AS users_id, 
users.email AS users_email, 
users.full_name AS users_full_name, 
users.created_at AS users_created_at 
FROM users 
WHERE users.id = ?
 LIMIT ? OFFSET ?]
[parameters: ('test_user_123', 1, 0)]
(Background on this error at: 
https://sqlalche.me/e/20/e3q8)
INFO: Using SQLite database: sqlite:///./zuno_v2.db
